// Jest Snapshot v1, https://goo.gl/fbAQLP

exports[`Tabs Component closes the first tab and opens any clicked tab 1`] = `<div />`;

exports[`Tabs Component renders empty given no tabs 1`] = `<div />`;

exports[`Tabs Component renders the first tab by default 1`] = `<div />`;
